C:\Users\ash\Desktop\Sh_0218_l1\Logical\Global.typ
C:\Users\ash\Desktop\Sh_0218_l1\Logical\Global.var
C:\Users\ash\Desktop\Sh_0218_l1\Logical\Libraries\operator\operator.fun
C:\Users\ash\Desktop\Sh_0218_l1\Logical\Libraries\operator\operator.typ
C:\Users\ash\Desktop\Sh_0218_l1\Logical\Libraries\operator\operator.var
C:\Users\ash\Desktop\Sh_0218_l1\Logical\Libraries\runtime\runtime.fun
C:\Users\ash\Desktop\Sh_0218_l1\Logical\Libraries\runtime\runtime.typ
C:\Users\ash\Desktop\Sh_0218_l1\Logical\Libraries\runtime\runtime.var
C:\Users\ash\Desktop\Sh_0218_l1\Logical\Libraries\astime\astime.fun
C:\Users\ash\Desktop\Sh_0218_l1\Logical\Libraries\astime\astime.typ
C:\Users\ash\Desktop\Sh_0218_l1\Logical\Libraries\astime\astime.var
C:\Users\ash\Desktop\Sh_0218_l1\Logical\Libraries\AsIecCon\AsIecCon.fun
C:\Users\ash\Desktop\Sh_0218_l1\Logical\Libraries\AsIecCon\AsIecCon.typ
C:\Users\ash\Desktop\Sh_0218_l1\Logical\Libraries\AsIecCon\AsIecCon.var
C:\Users\ash\Desktop\Sh_0218_l1\Logical\Libraries\MotorCtrl\Types.typ
C:\Users\ash\Desktop\Sh_0218_l1\Logical\Libraries\MotorCtrl\Constants.var
C:\Users\ash\Desktop\Sh_0218_l1\Logical\Libraries\MotorCtrl\MotorCtrl.fun
